Powitanie
 dana 1 ść
   dana 2 óą
Kolejne
 dana 1 ż
   dana 2 ę
Zakończenie 
 dana 1 ź
   dana 2 ć
Dodanie danych
 dana 1
   dana 2
